
> sap-quick-launcher@1.0.0 build
> tsc && vite build

src/App.tsx(1254,14): error TS1005: '}' expected.
src/App.tsx(1255,11): error TS1381: Unexpected token. Did you mean `{'}'}` or `&rbrace;`?
src/App.tsx(1255,15): error TS1381: Unexpected token. Did you mean `{'}'}` or `&rbrace;`?
